// Jest Snapshot v1, https://goo.gl/fbAQLP

exports[`checking DeliveryDetailsScreen component DeliveryDetailsScreen inner functionallity tests 1`] = `
<RCTSafeAreaView
  emulateUnlessSupported={true}
  style={
    Object {
      "alignItems": "center",
      "backgroundColor": "white",
      "color": "black",
      "flex": 1,
      "justifyContent": "space-between",
      "margin": 0,
    }
  }
>
  <View
    style={
      Object {
        "flex": 1,
        "justifyContent": "space-between",
        "paddingTop": 10,
        "width": "100%",
      }
    }
  >
    <View
      style={
        Object {
          "flexDirection": "row",
          "justifyContent": "center",
        }
      }
    >
      <Text
        style={
          Object {
            "color": "navy",
            "fontSize": 20,
            "fontWeight": "900",
            "textAlign": "center",
          }
        }
      >
        Deliveries List
      </Text>
    </View>
    <RCTScrollView
      nestedScrollEnabled={false}
      showsVerticalScrollIndicator={false}
    >
      <View>
        <View
          style={
            Object {
              "alignItems": "center",
              "justifyContent": "center",
              "margin": 0,
              "marginHorizontal": 15,
              "marginTop": 2,
              "padding": 0,
            }
          }
        >
          <Text
            style={
              Object {
                "color": "black",
                "fontSize": 20,
                "fontWeight": "900",
                "textAlign": "center",
              }
            }
          >
            No deliveries at the moment
          </Text>
        </View>
      </View>
    </RCTScrollView>
  </View>
</RCTSafeAreaView>
`;
