// Jest Snapshot v1, https://goo.gl/fbAQLP

exports[`checking LocationCard component LocationCard inner functionallity tests 1`] = `
<View
  style={
    Object {
      "alignItems": "center",
      "justifyContent": "center",
      "margin": 0,
      "marginHorizontal": 15,
      "marginTop": 2,
      "padding": 0,
      "paddingVertical": 5,
    }
  }
>
  <View
    accessibilityState={
      Object {
        "selected": undefined,
      }
    }
    activeOpacity={1}
    delayPressIn={10}
    enableShadow={true}
    row={false}
    style={
      Array [
        undefined,
        undefined,
        undefined,
        undefined,
        Object {},
        Object {},
        Object {},
        Array [
          Object {
            "borderRadius": 12,
            "height": undefined,
            "overflow": "visible",
            "width": undefined,
          },
          Object {
            "borderRadius": 12,
          },
          Object {
            "elevation": 2,
          },
          Object {
            "shadowColor": "#A6ACB1",
            "shadowOffset": Object {
              "height": 5,
              "width": 0,
            },
            "shadowOpacity": 0.25,
            "shadowRadius": 12,
          },
          Object {
            "backgroundColor": "#FFFFFF",
          },
          undefined,
          Object {
            "alignItems": "center",
            "borderRadius": 20,
            "elevation": 13,
            "flex": 1,
            "flexDirection": "column",
            "justifyContent": "flex-start",
            "marginTop": 5,
            "minHeight": 300,
            "overflow": "hidden",
            "padding": 10,
            "shadowColor": "#000",
            "shadowOffset": Object {
              "height": 6,
              "width": 0,
            },
            "shadowOpacity": 0.39,
            "shadowRadius": 8.3,
            "width": "100%",
          },
        ],
      ]
    }
    useNative={true}
  >
    <View
      style={
        Object {
          "alignItems": "center",
          "flexDirection": "row",
          "justifyContent": "space-between",
          "width": "100%",
        }
      }
    >
      <Text
        style={
          Object {
            "alignItems": "center",
            "alignSelf": "center",
            "flex": 1,
            "justifyContent": "center",
            "paddingVertical": 10,
            "textAlign": "center",
          }
        }
      >
        Last location details registered 
      </Text>
    </View>
    <View
      style={
        Object {
          "alignItems": "center",
          "flex": 1,
          "flexDirection": "row",
          "justifyContent": "center",
          "width": "100%",
        }
      }
    >
      <View
        style={
          Object {
            "flex": 1,
          }
        }
      >
        <Text
          style={
            Object {
              "color": "gray",
              "fontWeight": "600",
            }
          }
        >
           
          Accuracy: 
        </Text>
      </View>
      <View
        style={
          Object {
            "flex": 2,
          }
        }
      >
        <Text
          style={
            Array [
              Object {
                "color": "black",
                "fontWeight": "600",
                "textAlign": "center",
              },
              undefined,
            ]
          }
        />
      </View>
    </View>
    <View
      style={
        Object {
          "alignItems": "center",
          "flex": 1,
          "flexDirection": "row",
          "justifyContent": "center",
          "width": "100%",
        }
      }
    >
      <View
        style={
          Object {
            "flex": 1,
          }
        }
      >
        <Text
          style={
            Object {
              "color": "gray",
              "fontWeight": "600",
            }
          }
        >
           
          Altitude: 
        </Text>
      </View>
      <View
        style={
          Object {
            "flex": 2,
          }
        }
      >
        <Text
          style={
            Array [
              Object {
                "color": "black",
                "fontWeight": "600",
                "textAlign": "center",
              },
              undefined,
            ]
          }
        >
          undefined
        </Text>
      </View>
    </View>
    <View
      style={
        Object {
          "alignItems": "center",
          "flex": 1,
          "flexDirection": "row",
          "justifyContent": "center",
          "width": "100%",
        }
      }
    >
      <View
        style={
          Object {
            "flex": 1,
          }
        }
      >
        <Text
          style={
            Object {
              "color": "gray",
              "fontWeight": "600",
            }
          }
        >
           
          Altitude accuracy: 
        </Text>
      </View>
      <View
        style={
          Object {
            "flex": 2,
          }
        }
      >
        <Text
          style={
            Array [
              Object {
                "color": "black",
                "fontWeight": "600",
                "textAlign": "center",
              },
              undefined,
            ]
          }
        >
          undefined
        </Text>
      </View>
    </View>
    <View
      style={
        Object {
          "alignItems": "center",
          "flex": 1,
          "flexDirection": "row",
          "justifyContent": "center",
          "width": "100%",
        }
      }
    >
      <View
        style={
          Object {
            "flex": 1,
          }
        }
      >
        <Text
          style={
            Object {
              "color": "gray",
              "fontWeight": "600",
            }
          }
        >
           
          Heading: 
        </Text>
      </View>
      <View
        style={
          Object {
            "flex": 2,
          }
        }
      >
        <Text
          style={
            Array [
              Object {
                "color": "black",
                "fontWeight": "600",
                "textAlign": "center",
              },
              undefined,
            ]
          }
        >
          undefined
        </Text>
      </View>
    </View>
    <View
      style={
        Object {
          "alignItems": "center",
          "flex": 1,
          "flexDirection": "row",
          "justifyContent": "center",
          "width": "100%",
        }
      }
    >
      <View
        style={
          Object {
            "flex": 1,
          }
        }
      >
        <Text
          style={
            Object {
              "color": "gray",
              "fontWeight": "600",
            }
          }
        >
           
          Speed: 
        </Text>
      </View>
      <View
        style={
          Object {
            "flex": 2,
          }
        }
      >
        <Text
          style={
            Array [
              Object {
                "color": "black",
                "fontWeight": "600",
                "textAlign": "center",
              },
              undefined,
            ]
          }
        >
          undefined 
        </Text>
      </View>
    </View>
    <View
      style={
        Object {
          "alignItems": "center",
          "flex": 1,
          "flexDirection": "row",
          "justifyContent": "center",
          "width": "100%",
        }
      }
    >
      <View
        style={
          Object {
            "flex": 1,
          }
        }
      >
        <Text
          style={
            Object {
              "color": "gray",
              "fontWeight": "600",
            }
          }
        >
           
          Latitude: 
        </Text>
      </View>
      <View
        style={
          Object {
            "flex": 2,
          }
        }
      >
        <Text
          style={
            Array [
              Object {
                "color": "black",
                "fontWeight": "600",
                "textAlign": "center",
              },
              Object {
                "color": "green",
                "fontSize": 12,
                "fontWeight": "900",
              },
            ]
          }
          testID="latitude-value"
        >
          undefined 
        </Text>
      </View>
    </View>
    <View
      style={
        Object {
          "alignItems": "center",
          "flex": 1,
          "flexDirection": "row",
          "justifyContent": "center",
          "width": "100%",
        }
      }
    >
      <View
        style={
          Object {
            "flex": 1,
          }
        }
      >
        <Text
          style={
            Object {
              "color": "gray",
              "fontWeight": "600",
            }
          }
        >
           
          Longitude: 
        </Text>
      </View>
      <View
        style={
          Object {
            "flex": 2,
          }
        }
      >
        <Text
          style={
            Array [
              Object {
                "color": "black",
                "fontWeight": "600",
                "textAlign": "center",
              },
              Object {
                "color": "green",
                "fontSize": 12,
                "fontWeight": "900",
              },
            ]
          }
          testID="longitude-value"
        >
          undefined 
        </Text>
      </View>
    </View>
    <View
      style={
        Object {
          "alignItems": "center",
          "flexDirection": "row",
          "justifyContent": "center",
          "marginVertical": 5,
          "width": "100%",
        }
      }
    >
      <View
        accessibilityRole="button"
        accessibilityState={
          Object {
            "disabled": true,
          }
        }
        accessible={true}
        collapsable={false}
        focusable={true}
        onClick={[Function]}
        onLayout={[Function]}
        onResponderGrant={[Function]}
        onResponderMove={[Function]}
        onResponderRelease={[Function]}
        onResponderTerminate={[Function]}
        onResponderTerminationRequest={[Function]}
        onStartShouldSetResponder={[Function]}
        style={
          Object {
            "alignItems": "center",
            "backgroundColor": "#D2D6D8",
            "borderRadius": 999,
            "flexDirection": "row",
            "height": 50,
            "justifyContent": "center",
            "minWidth": 90,
            "opacity": 1,
            "paddingHorizontal": 20,
            "paddingVertical": 0,
          }
        }
        testID="refreshLocationButton"
      >
        <Text
          numberOfLines={1}
          style={
            Array [
              Object {
                "backgroundColor": "transparent",
                "textAlign": "left",
              },
              undefined,
              undefined,
              undefined,
              undefined,
              Object {},
              undefined,
              undefined,
              undefined,
              Array [
                Object {
                  "backgroundColor": "transparent",
                  "flex": 0,
                  "flexDirection": "row",
                  "fontFamily": "System",
                  "fontSize": 16,
                  "fontWeight": "400",
                  "lineHeight": 24,
                },
                Object {
                  "color": "#FFFFFF",
                },
                Object {},
                Object {},
                undefined,
              ],
            ]
          }
          testID="refreshLocationButton.label"
        >
          Refresh location
        </Text>
        <ActivityIndicator
          color="#0000ff"
          size="small"
          style={
            Object {
              "marginLeft": 10,
            }
          }
          testID="activity-indicator"
        />
      </View>
    </View>
  </View>
</View>
`;
